Script started on 2020-01-30 13:18:09-05:00 [TERM="xterm-256color" TTY="/dev/pts/0" COLUMNS="80" LINES="24"]
bash: /home/umrigar/cs240/bin/student.rc: Permission denied
rblazej1@g7-09:~/i240a/submit/lab1$ cp -r ~/cs240/lk[Kas[Kbs/lab1/exercises/* .
cp: cannot stat '/home/rblazej1/cs240/labs/lab1/exercises/*': No such file or directory
rblazej1@g7-09:~/i240a/submit/lab1$ ls
lab1.log
rblazej1@g7-09:~/i240a/submit/lab1$ lscp -r ~/cs240/labs/lab1/exercises/* .[1P[1P[1P[1P[1P[1P[1P[1P[1P[1@.[1@g[1@i[1@t[1@i[1@g[1@n[1@o[1@r[1@e
cp: cannot stat '/home/rblazej1/cs240/labs/lab1/.gitignore/*': No such file or directory
rblazej1@g7-09:~/i240a/submit/lab1$ cd ..
rblazej1@g7-09:~/i240a/submit$ cd ..
rblazej1@g7-09:~/i240a$ cd ..
rblazej1@g7-09:~$ ls
240		      cs120	 hello	    lss.log    tinyproc2       Videos
addarray	      cs220	 i240a	    Music      tinyproc2.circ  x.c
Adders_Circuits.circ  Desktop	 lab	    Pictures   tinyproc2.s
Arduino		      dir	 lab10.asm  projects   tl.c
assembler-lab.c       Documents  lab1.txt   Public     tmp
cat.log		      Downloads  lab5.c     T1.s       v1.s
crontab		      git-repos  ls.log     Templates  v.c
rblazej1@g7-09:~$ cd i240a
rblazej1@g7-09:~/i240a$ ls
README.md  submit
rblazej1@g7-09:~/i240a$ cd ..
rblazej1@g7-09:~$ ls[K[Kcd git-repos
rblazej1@g7-09:~/git-repos$ ls
cs220  i220b  submit  work
rblazej1@g7-09:~/git-repos$ cd ..
rblazej1@g7-09:~$ cd 240
bash: cd: 240: No such file or directory
rblazej1@g7-09:~$ cd tmp
rblazej1@g7-09:~/tmp$ ls
rblazej1@g7-09:~/tmp$ cd ..
rblazej1@g7-09:~$ cd projects
rblazej1@g7-09:~/projects$ ls
cs240  i240a
rblazej1@g7-09:~/projects$ cd ..[K[K~
rblazej1@g7-09:~$ ln -s projects/cs240 .
rblazej1@g7-09:~$ ls
240		      cs120	 git-repos  ls.log    Templates       v.c
addarray	      cs220	 hello	    lss.log   tinyproc2       Videos
Adders_Circuits.circ  cs240	 i240a	    Music     tinyproc2.circ  x.c
Arduino		      Desktop	 lab	    Pictures  tinyproc2.s
assembler-lab.c       dir	 lab10.asm  projects  tl.c
cat.log		      Documents  lab1.txt   Public    tmp
crontab		      Downloads  lab5.c     T1.s      v1.s
rblazej1@g7-09:~$ cd 2[Kcs240
rblazej1@g7-09:~/cs240$ ls
announce.html  docs	      hws	  labs	    README.md
announce.umt   exams-quizzes  index.html  misc	    slides
assets	       exercises      index.umt   projects  umt.make
rblazej1@g7-09:~/cs240$ cd labs
rblazej1@g7-09:~/cs240/labs$ ls
index.html  index.umt  lab0  lab-tips
rblazej1@g7-09:~/cs240/labs$ git pui[Kll[K[Kll[Kl
/home/rblazej1/.bashrc: line 1: /home/umrigar/cs240/bin/student.rc: Permission denied
remote: Enumerating objects: 186, done.[K
remote: Counting objects:   0% (1/186)   [Kremote: Counting objects:   1% (2/186)   [Kremote: Counting objects:   2% (4/186)   [Kremote: Counting objects:   3% (6/186)   [Kremote: Counting objects:   4% (8/186)   [Kremote: Counting objects:   5% (10/186)   [Kremote: Counting objects:   6% (12/186)   [Kremote: Counting objects:   7% (14/186)   [Kremote: Counting objects:   8% (15/186)   [Kremote: Counting objects:   9% (17/186)   [Kremote: Counting objects:  10% (19/186)   [Kremote: Counting objects:  11% (21/186)   [Kremote: Counting objects:  12% (23/186)   [Kremote: Counting objects:  13% (25/186)   [Kremote: Counting objects:  14% (27/186)   [Kremote: Counting objects:  15% (28/186)   [Kremote: Counting objects:  16% (30/186)   [Kremote: Counting objects:  17% (32/186)   [Kremote: Counting objects:  18% (34/186)   [Kremote: Counting objects:  19% (36/186)   [Kremote: Counting objects:  20% (38/186)   [Kremote: Counting objects:  21% (40/186)   [Kremote: Counting objects:  22% (41/186)   [Kremote: Counting objects:  23% (43/186)   [Kremote: Counting objects:  24% (45/186)   [Kremote: Counting objects:  25% (47/186)   [Kremote: Counting objects:  26% (49/186)   [Kremote: Counting objects:  27% (51/186)   [Kremote: Counting objects:  28% (53/186)   [Kremote: Counting objects:  29% (54/186)   [Kremote: Counting objects:  30% (56/186)   [Kremote: Counting objects:  31% (58/186)   [Kremote: Counting objects:  32% (60/186)   [Kremote: Counting objects:  33% (62/186)   [Kremote: Counting objects:  34% (64/186)   [Kremote: Counting objects:  35% (66/186)   [Kremote: Counting objects:  36% (67/186)   [Kremote: Counting objects:  37% (69/186)   [Kremote: Counting objects:  38% (71/186)   [Kremote: Counting objects:  39% (73/186)   [Kremote: Counting objects:  40% (75/186)   [Kremote: Counting objects:  41% (77/186)   [Kremote: Counting objects:  42% (79/186)   [Kremote: Counting objects:  43% (80/186)   [Kremote: Counting objects:  44% (82/186)   [Kremote: Counting objects:  45% (84/186)   [Kremote: Counting objects:  46% (86/186)   [Kremote: Counting objects:  47% (88/186)   [Kremote: Counting objects:  48% (90/186)   [Kremote: Counting objects:  49% (92/186)   [Kremote: Counting objects:  50% (93/186)   [Kremote: Counting objects:  51% (95/186)   [Kremote: Counting objects:  52% (97/186)   [Kremote: Counting objects:  53% (99/186)   [Kremote: Counting objects:  54% (101/186)   [Kremote: Counting objects:  55% (103/186)   [Kremote: Counting objects:  56% (105/186)   [Kremote: Counting objects:  57% (107/186)   [Kremote: Counting objects:  58% (108/186)   [Kremote: Counting objects:  59% (110/186)   [Kremote: Counting objects:  60% (112/186)   [Kremote: Counting objects:  61% (114/186)   [Kremote: Counting objects:  62% (116/186)   [Kremote: Counting objects:  63% (118/186)   [Kremote: Counting objects:  64% (120/186)   [Kremote: Counting objects:  65% (121/186)   [Kremote: Counting objects:  66% (123/186)   [Kremote: Counting objects:  67% (125/186)   [Kremote: Counting objects:  68% (127/186)   [Kremote: Counting objects:  69% (129/186)   [Kremote: Counting objects:  70% (131/186)   [Kremote: Counting objects:  71% (133/186)   [Kremote: Counting objects:  72% (134/186)   [Kremote: Counting objects:  73% (136/186)   [Kremote: Counting objects:  74% (138/186)   [Kremote: Counting objects:  75% (140/186)   [Kremote: Counting objects:  76% (142/186)   [Kremote: Counting objects:  77% (144/186)   [Kremote: Counting objects:  78% (146/186)   [Kremote: Counting objects:  79% (147/186)   [Kremote: Counting objects:  80% (149/186)   [Kremote: Counting objects:  81% (151/186)   [Kremote: Counting objects:  82% (153/186)   [Kremote: Counting objects:  83% (155/186)   [Kremote: Counting objects:  84% (157/186)   [Kremote: Counting objects:  85% (159/186)   [Kremote: Counting objects:  86% (160/186)   [Kremote: Counting objects:  87% (162/186)   [Kremote: Counting objects:  88% (164/186)   [Kremote: Counting objects:  89% (166/186)   [Kremote: Counting objects:  90% (168/186)   [Kremote: Counting objects:  91% (170/186)   [Kremote: Counting objects:  92% (172/186)   [Kremote: Counting objects:  93% (173/186)   [Kremote: Counting objects:  94% (175/186)   [Kremote: Counting objects:  95% (177/186)   [Kremote: Counting objects:  96% (179/186)   [Kremote: Counting objects:  97% (181/186)   [Kremote: Counting objects:  98% (183/186)   [Kremote: Counting objects:  99% (185/186)   [Kremote: Counting objects: 100% (186/186)   [Kremote: Counting objects: 100% (186/186), done.[K
remote: Compressing objects:   0% (1/145)   [Kremote: Compressing objects:   1% (2/145)   [Kremote: Compressing objects:   2% (3/145)   [Kremote: Compressing objects:   3% (5/145)   [Kremote: Compressing objects:   4% (6/145)   [Kremote: Compressing objects:   5% (8/145)   [Kremote: Compressing objects:   6% (9/145)   [Kremote: Compressing objects:   7% (11/145)   [Kremote: Compressing objects:   8% (12/145)   [Kremote: Compressing objects:   9% (14/145)   [Kremote: Compressing objects:  10% (15/145)   [Kremote: Compressing objects:  11% (16/145)   [Kremote: Compressing objects:  12% (18/145)   [Kremote: Compressing objects:  13% (19/145)   [Kremote: Compressing objects:  14% (21/145)   [Kremote: Compressing objects:  15% (22/145)   [Kremote: Compressing objects:  16% (24/145)   [Kremote: Compressing objects:  17% (25/145)   [Kremote: Compressing objects:  18% (27/145)   [Kremote: Compressing objects:  19% (28/145)   [Kremote: Compressing objects:  20% (29/145)   [Kremote: Compressing objects:  21% (31/145)   [Kremote: Compressing objects:  22% (32/145)   [Kremote: Compressing objects:  23% (34/145)   [Kremote: Compressing objects:  24% (35/145)   [Kremote: Compressing objects:  25% (37/145)   [Kremote: Compressing objects:  26% (38/145)   [Kremote: Compressing objects:  27% (40/145)   [Kremote: Compressing objects:  28% (41/145)   [Kremote: Compressing objects:  29% (43/145)   [Kremote: Compressing objects:  30% (44/145)   [Kremote: Compressing objects:  31% (45/145)   [Kremote: Compressing objects:  32% (47/145)   [Kremote: Compressing objects:  33% (48/145)   [Kremote: Compressing objects:  34% (50/145)   [Kremote: Compressing objects:  35% (51/145)   [Kremote: Compressing objects:  36% (53/145)   [Kremote: Compressing objects:  37% (54/145)   [Kremote: Compressing objects:  38% (56/145)   [Kremote: Compressing objects:  39% (57/145)   [Kremote: Compressing objects:  40% (58/145)   [Kremote: Compressing objects:  41% (60/145)   [Kremote: Compressing objects:  42% (61/145)   [Kremote: Compressing objects:  43% (63/145)   [Kremote: Compressing objects:  44% (64/145)   [Kremote: Compressing objects:  45% (66/145)   [Kremote: Compressing objects:  46% (67/145)   [Kremote: Compressing objects:  47% (69/145)   [Kremote: Compressing objects:  48% (70/145)   [Kremote: Compressing objects:  49% (72/145)   [Kremote: Compressing objects:  50% (73/145)   [Kremote: Compressing objects:  51% (74/145)   [Kremote: Compressing objects:  52% (76/145)   [Kremote: Compressing objects:  53% (77/145)   [Kremote: Compressing objects:  54% (79/145)   [Kremote: Compressing objects:  55% (80/145)   [Kremote: Compressing objects:  56% (82/145)   [Kremote: Compressing objects:  57% (83/145)   [Kremote: Compressing objects:  58% (85/145)   [Kremote: Compressing objects:  59% (86/145)   [Kremote: Compressing objects:  60% (87/145)   [Kremote: Compressing objects:  61% (89/145)   [Kremote: Compressing objects:  62% (90/145)   [Kremote: Compressing objects:  63% (92/145)   [Kremote: Compressing objects:  64% (93/145)   [Kremote: Compressing objects:  65% (95/145)   [Kremote: Compressing objects:  66% (96/145)   [Kremote: Compressing objects:  67% (98/145)   [Kremote: Compressing objects:  68% (99/145)   [Kremote: Compressing objects:  69% (101/145)   [Kremote: Compressing objects:  70% (102/145)   [Kremote: Compressing objects:  71% (103/145)   [Kremote: Compressing objects:  72% (105/145)   [Kremote: Compressing objects:  73% (106/145)   [Kremote: Compressing objects:  74% (108/145)   [Kremote: Compressing objects:  75% (109/145)   [Kremote: Compressing objects:  76% (111/145)   [Kremote: Compressing objects:  77% (112/145)   [Kremote: Compressing objects:  78% (114/145)   [Kremote: Compressing objects:  79% (115/145)   [Kremote: Compressing objects:  80% (116/145)   [Kremote: Compressing objects:  81% (118/145)   [Kremote: Compressing objects:  82% (119/145)   [Kremote: Compressing objects:  83% (121/145)   [Kremote: Compressing objects:  84% (122/145)   [Kremote: Compressing objects:  85% (124/145)   [Kremote: Compressing objects:  86% (125/145)   [Kremote: Compressing objects:  87% (127/145)   [Kremote: Compressing objects:  88% (128/145)   [Kremote: Compressing objects:  89% (130/145)   [Kremote: Compressing objects:  90% (131/145)   [Kremote: Compressing objects:  91% (132/145)   [Kremote: Compressing objects:  92% (134/145)   [Kremote: Compressing objects:  93% (135/145)   [Kremote: Compressing objects:  94% (137/145)   [Kremote: Compressing objects:  95% (138/145)   [Kremote: Compressing objects:  96% (140/145)   [Kremote: Compressing objects:  97% (141/145)   [Kremote: Compressing objects:  98% (143/145)   [Kremote: Compressing objects:  99% (144/145)   [Kremote: Compressing objects: 100% (145/145)   [Kremote: Compressing objects: 100% (145/145), done.[K
Receiving objects:   0% (1/152)   Receiving objects:   1% (2/152)   Receiving objects:   2% (4/152)   Receiving objects:   3% (5/152)   Receiving objects:   4% (7/152)   Receiving objects:   5% (8/152)   Receiving objects:   6% (10/152)   Receiving objects:   7% (11/152)   Receiving objects:   8% (13/152)   Receiving objects:   9% (14/152)   Receiving objects:  10% (16/152)   Receiving objects:  11% (17/152)   Receiving objects:  12% (19/152)   Receiving objects:  13% (20/152)   Receiving objects:  14% (22/152)   Receiving objects:  15% (23/152)   Receiving objects:  16% (25/152)   Receiving objects:  17% (26/152)   Receiving objects:  18% (28/152)   Receiving objects:  19% (29/152)   Receiving objects:  20% (31/152)   Receiving objects:  21% (32/152)   Receiving objects:  22% (34/152)   Receiving objects:  23% (35/152)   Receiving objects:  24% (37/152)   Receiving objects:  25% (38/152)   Receiving objects:  26% (40/152)   Receiving objects:  27% (42/152)   Receiving objects:  28% (43/152)   Receiving objects:  29% (45/152)   Receiving objects:  30% (46/152)   Receiving objects:  31% (48/152)   Receiving objects:  32% (49/152)   Receiving objects:  33% (51/152)   Receiving objects:  34% (52/152)   Receiving objects:  35% (54/152)   Receiving objects:  36% (55/152)   Receiving objects:  37% (57/152)   Receiving objects:  38% (58/152)   Receiving objects:  39% (60/152)   Receiving objects:  40% (61/152)   Receiving objects:  41% (63/152)   Receiving objects:  42% (64/152)   Receiving objects:  43% (66/152)   Receiving objects:  44% (67/152)   Receiving objects:  45% (69/152)   Receiving objects:  46% (70/152)   Receiving objects:  47% (72/152)   Receiving objects:  48% (73/152)   Receiving objects:  49% (75/152)   Receiving objects:  50% (76/152)   Receiving objects:  51% (78/152)   Receiving objects:  52% (80/152)   Receiving objects:  53% (81/152)   Receiving objects:  54% (83/152)   Receiving objects:  55% (84/152)   Receiving objects:  56% (86/152)   Receiving objects:  57% (87/152)   Receiving objects:  58% (89/152)   Receiving objects:  59% (90/152)   Receiving objects:  60% (92/152)   Receiving objects:  61% (93/152)   Receiving objects:  62% (95/152)   Receiving objects:  63% (96/152)   Receiving objects:  64% (98/152)   Receiving objects:  65% (99/152)   Receiving objects:  66% (101/152)   Receiving objects:  67% (102/152)   Receiving objects:  68% (104/152)   Receiving objects:  69% (105/152)   Receiving objects:  70% (107/152)   Receiving objects:  71% (108/152)   Receiving objects:  72% (110/152)   Receiving objects:  73% (111/152)   Receiving objects:  74% (113/152)   Receiving objects:  75% (114/152)   Receiving objects:  76% (116/152)   Receiving objects:  77% (118/152)   Receiving objects:  78% (119/152)   Receiving objects:  79% (121/152)   Receiving objects:  80% (122/152)   Receiving objects:  81% (124/152)   Receiving objects:  82% (125/152)   Receiving objects:  83% (127/152)   Receiving objects:  84% (128/152)   Receiving objects:  85% (130/152)   Receiving objects:  86% (131/152)   Receiving objects:  87% (133/152)   Receiving objects:  88% (134/152)   Receiving objects:  89% (136/152)   Receiving objects:  90% (137/152)   Receiving objects:  91% (139/152)   Receiving objects:  92% (140/152)   Receiving objects:  93% (142/152)   Receiving objects:  94% (143/152)   Receiving objects:  95% (145/152)   Receiving objects:  96% (146/152)   Receiving objects:  97% (148/152)   Receiving objects:  98% (149/152)   remote: Total 152 (delta 79), reused 0 (delta 0)[K
Receiving objects:  99% (151/152)   Receiving objects: 100% (152/152)   Receiving objects: 100% (152/152), 525.83 KiB | 7.01 MiB/s, done.
Resolving deltas:   0% (0/79)   Resolving deltas:   2% (2/79)   Resolving deltas:   3% (3/79)   Resolving deltas:   5% (4/79)   Resolving deltas:   6% (5/79)   Resolving deltas:   7% (6/79)   Resolving deltas:   8% (7/79)   Resolving deltas:  10% (8/79)   Resolving deltas:  11% (9/79)   Resolving deltas:  12% (10/79)   Resolving deltas:  13% (11/79)   Resolving deltas:  16% (13/79)   Resolving deltas:  17% (14/79)   Resolving deltas:  21% (17/79)   Resolving deltas:  25% (20/79)   Resolving deltas:  37% (30/79)   Resolving deltas:  39% (31/79)   Resolving deltas:  41% (33/79)   Resolving deltas:  45% (36/79)   Resolving deltas:  46% (37/79)   Resolving deltas:  48% (38/79)   Resolving deltas:  49% (39/79)   Resolving deltas:  51% (41/79)   Resolving deltas:  54% (43/79)   Resolving deltas:  55% (44/79)   Resolving deltas:  56% (45/79)   Resolving deltas:  58% (46/79)   Resolving deltas:  59% (47/79)   Resolving deltas:  60% (48/79)   Resolving deltas:  62% (49/79)   Resolving deltas:  63% (50/79)   Resolving deltas:  65% (52/79)   Resolving deltas:  67% (53/79)   Resolving deltas:  69% (55/79)   Resolving deltas:  70% (56/79)   Resolving deltas:  72% (57/79)   Resolving deltas:  73% (58/79)   Resolving deltas:  74% (59/79)   Resolving deltas:  75% (60/79)   Resolving deltas:  77% (61/79)   Resolving deltas:  83% (66/79)   Resolving deltas:  88% (70/79)   Resolving deltas:  94% (75/79)   Resolving deltas:  96% (76/79)   Resolving deltas:  97% (77/79)   Resolving deltas: 100% (79/79)   Resolving deltas: 100% (79/79), completed with 27 local objects.
From ssh://remote.cs.binghamton.edu/~umrigar/git-repos/cs240
   24681db..0b7b862  master     -> origin/master
Updating 24681db..0b7b862
Fast-forward
 exercises/templates/index.html                     |   2 [32m+[m[31m-[m
 index.html                                         |  16 [32m+[m[31m-[m
 index.umt                                          |   5 [32m+[m
 labs/index.html                                    |   9 [32m+[m[31m-[m
 labs/index.umt                                     |  17 [32m+[m[31m-[m
 labs/lab-tips/lab-tips.html                        |  70 [31m---[m
 labs/lab-tips/lab-tips.pdf                         | Bin [31m35175[m -> [32m0[m bytes
 labs/lab-tips/lab-tips.umt                         |  64 [31m---[m
 labs/lab0/lab0.html                                |  20 [32m+[m[31m-[m
 labs/lab0/lab0.pdf                                 | Bin [31m120447[m -> [32m120490[m bytes
 labs/lab0/lab0.umt                                 |  10 [32m+[m[31m-[m
 labs/lab0/lab0/hl-fine_blue.css                    |   2 [32m+[m[31m-[m
 labs/lab0/lab0/hl-fine_blue.sty                    |   2 [32m+[m[31m-[m
 labs/lab1/.gitignore                               |   2 [32m+[m
 labs/lab1/exercises/.gitignore                     |   1 [32m+[m
 labs/lab1/exercises/0-hello/.gitignore             |   1 [32m+[m
 labs/lab1/exercises/0-hello/hello.cc               |   7 [32m+[m
 labs/lab1/exercises/1-monolithic/fns-compare.cc    |  25 [32m+[m
 .../2-separate-compilation/fns-compare.cc          |  30 [32m+[m
 .../2-separate-compilation/fns-compare.hh          |  14 [32m+[m
 .../exercises/2-separate-compilation/linear.cc     |  11 [32m+[m
 labs/lab1/exercises/3-makefile/Makefile            |  26 [32m+[m
 labs/lab1/exercises/3-makefile/constant.cc         |  11 [32m+[m
 labs/lab1/exercises/3-makefile/cubic.cc            |  12 [32m+[m
 labs/lab1/exercises/3-makefile/exponential.cc      |  13 [32m+[m
 labs/lab1/exercises/3-makefile/fact.cc             |  13 [32m+[m
 labs/lab1/exercises/3-makefile/fns-compare.cc      |  33 [32m++[m
 labs/lab1/exercises/3-makefile/fns-compare.hh      |  20 [32m+[m
 labs/lab1/exercises/3-makefile/lg.cc               |  13 [32m+[m
 labs/lab1/exercises/3-makefile/linear.cc           |  11 [32m+[m
 labs/lab1/exercises/3-makefile/nlg.cc              |  13 [32m+[m
 labs/lab1/exercises/3-makefile/quadratic.cc        |  12 [32m+[m
 labs/lab1/exercises/4-dependencies/Makefile        |  36 [32m++[m
 labs/lab1/exercises/4-dependencies/constant.cc     |  11 [32m+[m
 labs/lab1/exercises/4-dependencies/cubic.cc        |  12 [32m+[m
 labs/lab1/exercises/4-dependencies/exponential.cc  |  13 [32m+[m
 labs/lab1/exercises/4-dependencies/fact.cc         |  13 [32m+[m
 labs/lab1/exercises/4-dependencies/fns-compare.cc  |  32 [32m++[m
 labs/lab1/exercises/4-dependencies/fns-compare.hh  |  20 [32m+[m
 labs/lab1/exercises/4-dependencies/lg.cc           |  13 [32m+[m
 labs/lab1/exercises/4-dependencies/linear.cc       |  11 [32m+[m
 labs/lab1/exercises/4-dependencies/nlg.cc          |  13 [32m+[m
 labs/lab1/exercises/4-dependencies/quadratic.cc    |  12 [32m+[m
 labs/lab1/exercises/5-auto-dependencies/.gitignore |   2 [32m+[m
 labs/lab1/exercises/5-auto-dependencies/Makefile   |  54 [32m++[m
 .../lab1/exercises/5-auto-dependencies/constant.cc |  11 [32m+[m
 labs/lab1/exercises/5-auto-dependencies/cubic.cc   |  12 [32m+[m
 .../exercises/5-auto-dependencies/exponential.cc   |  13 [32m+[m
 labs/lab1/exercises/5-auto-dependencies/fact.cc    |  13 [32m+[m
 .../exercises/5-auto-dependencies/fns-compare.cc   |  33 [32m++[m
 .../exercises/5-auto-dependencies/fns-compare.hh   |  20 [32m+[m
 labs/lab1/exercises/5-auto-dependencies/lg.cc      |  13 [32m+[m
 labs/lab1/exercises/5-auto-dependencies/linear.cc  |  11 [32m+[m
 labs/lab1/exercises/5-auto-dependencies/nlg.cc     |  13 [32m+[m
 .../exercises/5-auto-dependencies/quadratic.cc     |  12 [32m+[m
 labs/lab1/lab1.html                                | 428 [32m++++++++++++++[m
 labs/lab1/lab1.pdf                                 | Bin [31m0[m -> [32m145820[m bytes
 labs/lab1/lab1.umt                                 | 614 [32m++++++++++++++++++++[m
 labs/lab1/lab1/hl-fine_blue.css                    |  19 [32m+[m
 labs/lab1/lab1/hl-fine_blue.sty                    |  19 [32m+[m
 labs/submission/submission.html                    | 107 [32m++++[m
 labs/submission/submission.pdf                     | Bin [31m0[m -> [32m62238[m bytes
 labs/submission/submission.umt                     | 127 [32m+++++[m
 labs/submission/submission/hl-fine_blue.css        |  19 [32m+[m
 labs/submission/submission/hl-fine_blue.sty        |  19 [32m+[m
 misc/grading-guidelines/grading-guidelines.html    |  10 [32m+[m[31m-[m
 misc/grading-guidelines/grading-guidelines.pdf     | Bin [31m75084[m -> [32m74711[m bytes
 misc/grading-guidelines/grading-guidelines.umt     |  10 [32m+[m[31m-[m
 slides/c++-intro/c++-intro.html                    | 350 [32m++++++++++++[m
 slides/c++-intro/c++-intro.pdf                     | Bin [31m0[m -> [32m167175[m bytes
 slides/c++-intro/c++-intro.umt                     | 625 [32m+++++++++++++++++++++[m
 slides/c++-intro/c++-intro/hl-fine_blue.css        |  19 [32m+[m
 slides/c++-intro/c++-intro/hl-fine_blue.sty        |  19 [32m+[m
 slides/c++-intro/code/Makefile                     |  11 [32m+[m
 slides/c++-intro/code/hello.cc                     |   5 [32m+[m
 slides/c++-intro/code/sum-array.cc                 |  35 [32m++[m
 slides/index.html                                  |   3 [32m+[m
 slides/index.umt                                   |   1 [32m+[m
 slides/intro/intro.html                            |  20 [32m+[m[31m-[m
 slides/intro/intro.pdf                             | Bin [31m111642[m -> [32m111713[m bytes
 slides/intro/intro.umt                             |  10 [32m+[m[31m-[m
 slides/syllabus/Makefile                           |  22 [31m-[m
 slides/syllabus/syllabus.html                      |  41 [32m+[m[31m-[m
 slides/syllabus/syllabus.pdf                       | Bin [31m131565[m -> [32m135647[m bytes
 slides/syllabus/syllabus.umt                       |  48 [32m+[m[31m-[m
 85 files changed, 3219 insertions(+), 240 deletions(-)
 delete mode 100644 labs/lab-tips/lab-tips.html
 delete mode 100644 labs/lab-tips/lab-tips.pdf
 delete mode 100644 labs/lab-tips/lab-tips.umt
 create mode 100644 labs/lab1/.gitignore
 create mode 100644 labs/lab1/exercises/.gitignore
 create mode 100644 labs/lab1/exercises/0-hello/.gitignore
 create mode 100644 labs/lab1/exercises/0-hello/hello.cc
 create mode 100644 labs/lab1/exercises/1-monolithic/fns-compare.cc
 create mode 100644 labs/lab1/exercises/2-separate-compilation/fns-compare.cc
 create mode 100644 labs/lab1/exercises/2-separate-compilation/fns-compare.hh
 create mode 100644 labs/lab1/exercises/2-separate-compilation/linear.cc
 create mode 100644 labs/lab1/exercises/3-makefile/Makefile
 create mode 100644 labs/lab1/exercises/3-makefile/constant.cc
 create mode 100644 labs/lab1/exercises/3-makefile/cubic.cc
 create mode 100644 labs/lab1/exercises/3-makefile/exponential.cc
 create mode 100644 labs/lab1/exercises/3-makefile/fact.cc
 create mode 100644 labs/lab1/exercises/3-makefile/fns-compare.cc
 create mode 100644 labs/lab1/exercises/3-makefile/fns-compare.hh
 create mode 100644 labs/lab1/exercises/3-makefile/lg.cc
 create mode 100644 labs/lab1/exercises/3-makefile/linear.cc
 create mode 100644 labs/lab1/exercises/3-makefile/nlg.cc
 create mode 100644 labs/lab1/exercises/3-makefile/quadratic.cc
 create mode 100644 labs/lab1/exercises/4-dependencies/Makefile
 create mode 100644 labs/lab1/exercises/4-dependencies/constant.cc
 create mode 100644 labs/lab1/exercises/4-dependencies/cubic.cc
 create mode 100644 labs/lab1/exercises/4-dependencies/exponential.cc
 create mode 100644 labs/lab1/exercises/4-dependencies/fact.cc
 create mode 100644 labs/lab1/exercises/4-dependencies/fns-compare.cc
 create mode 100644 labs/lab1/exercises/4-dependencies/fns-compare.hh
 create mode 100644 labs/lab1/exercises/4-dependencies/lg.cc
 create mode 100644 labs/lab1/exercises/4-dependencies/linear.cc
 create mode 100644 labs/lab1/exercises/4-dependencies/nlg.cc
 create mode 100644 labs/lab1/exercises/4-dependencies/quadratic.cc
 create mode 100644 labs/lab1/exercises/5-auto-dependencies/.gitignore
 create mode 100644 labs/lab1/exercises/5-auto-dependencies/Makefile
 create mode 100644 labs/lab1/exercises/5-auto-dependencies/constant.cc
 create mode 100644 labs/lab1/exercises/5-auto-dependencies/cubic.cc
 create mode 100644 labs/lab1/exercises/5-auto-dependencies/exponential.cc
 create mode 100644 labs/lab1/exercises/5-auto-dependencies/fact.cc
 create mode 100644 labs/lab1/exercises/5-auto-dependencies/fns-compare.cc
 create mode 100644 labs/lab1/exercises/5-auto-dependencies/fns-compare.hh
 create mode 100644 labs/lab1/exercises/5-auto-dependencies/lg.cc
 create mode 100644 labs/lab1/exercises/5-auto-dependencies/linear.cc
 create mode 100644 labs/lab1/exercises/5-auto-dependencies/nlg.cc
 create mode 100644 labs/lab1/exercises/5-auto-dependencies/quadratic.cc
 create mode 100644 labs/lab1/lab1.html
 create mode 100644 labs/lab1/lab1.pdf
 create mode 100644 labs/lab1/lab1.umt
 create mode 100644 labs/lab1/lab1/hl-fine_blue.css
 create mode 100644 labs/lab1/lab1/hl-fine_blue.sty
 create mode 100644 labs/submission/submission.html
 create mode 100644 labs/submission/submission.pdf
 create mode 100644 labs/submission/submission.umt
 create mode 100644 labs/submission/submission/hl-fine_blue.css
 create mode 100644 labs/submission/submission/hl-fine_blue.sty
 create mode 100644 slides/c++-intro/c++-intro.html
 create mode 100644 slides/c++-intro/c++-intro.pdf
 create mode 100644 slides/c++-intro/c++-intro.umt
 create mode 100644 slides/c++-intro/c++-intro/hl-fine_blue.css
 create mode 100644 slides/c++-intro/c++-intro/hl-fine_blue.sty
 create mode 100644 slides/c++-intro/code/Makefile
 create mode 100644 slides/c++-intro/code/hello.cc
 create mode 100644 slides/c++-intro/code/sum-array.cc
 delete mode 100644 slides/syllabus/Makefile
rblazej1@g7-09:~/cs240/labs$ ls
index.html  index.umt  lab0  lab1  submission
rblazej1@g7-09:~/cs240/labs$ cd ..
rblazej1@g7-09:~/cs240$ cd ..
rblazej1@g7-09:~$ cd ~/i20[K40a/submit/lab1
rblazej1@g7-09:~/i240a/submit/lab1$ cp -r -[K~/cs4[K240/labs/lab1/exe[Kercises/* .
rblazej1@g7-09:~/i240a/submit/lab1$ cp -r ~/cs240/labs/lab1/exercises/* .[1P[1P[1P[1P[1P[1P[1P[1P[1P[1@.[1@g[1@i[1@t[1@i[1@g[1@n[1@o[1@r[1@e
cp: cannot stat '/home/rblazej1/cs240/labs/lab1/.gitignore/*': Not a directory
rblazej1@g7-09:~/i240a/submit/lab1$ cd 0-hello
rblazej1@g7-09:~/i240a/submit/lab1/0-hello$ ls -l
total 4
-rw-r--r-- 1 rblazej1 rblazej1 79 Jan 30 13:24 hello.cc
rblazej1@g7-09:~/i240a/submit/lab1/0-hello$ make
make: *** No targets specified and no makefile found.  Stop.
rblazej1@g7-09:~/i240a/submit/lab1/0-hello$ make hello
g++     hello.cc   -o hello
rblazej1@g7-09:~/i240a/submit/lab1/0-hello$ ls -l
total 24
-rwxr-xr-x 1 rblazej1 rblazej1 17248 Jan 30 13:25 hello
-rw-r--r-- 1 rblazej1 rblazej1    79 Jan 30 13:24 hello.cc
rblazej1@g7-09:~/i240a/submit/lab1/0-hello$ file hello
hello: ELF 64-bit LSB pie executable, x86-64, version 1 (SYSV), dynamically linked, interpreter /lib64/ld-linux-x86-64.so.2, for GNU/Linux 3.2.0, BuildID[sha1]=99af5e976454700966eadf73920a1f533966fdc8, not stripped
rblazej1@g7-09:~/i240a/submit/lab1/0-hello$ ./hello
hello world
rblazej1@g7-09:~/i240a/submit/lab1/0-hello$ make -p | LESS
bash: LESS: command not found
make: *** No targets specified and no makefile found.  Stop.
rblazej1@g7-09:~/i240a/submit/lab1/0-hello$ make -p | LESS[K[K[K[Kless
make: *** No targets specified and no makefile found.  Stop.
[?1049h[22;0;0t[?1h=# GNU Make 4.2.1
# Built for x86_64-pc-linux-gnu
# Copyright (C) 1988-2016 Free Software Foundation, Inc.
# License GPLv3+: GNU GPL version 3 or later <http://gnu.org/licenses/gpl.html>
# This is free software: you are free to change and redistribute it.
# There is NO WARRANTY, to the extent permitted by law.

# Make data base, printed on Thu Jan 30 13:26:09 2020

# Variables

# automatic
<D = $(patsubst %/,%,$(dir $<))
# automatic
?F = $(notdir $?)
# environment
DESKTOP_SESSION = lightdm-xsession
# default
.SHELLFLAGS := -c
# environment
XDG_SESSION_CLASS = user
# environment
XDG_SESSION_TYPE = x11
:[K[K# default
CWEAVE = cweave
# automatic
?D = $(patsubst %/,%,$(dir $?))
# automatic
@D = $(patsubst %/,%,$(dir $@))
# environment
XAUTHORITY = /home/rblazej1/.Xauthority
# environment
GDMSESSION = lightdm-xsession
# default
MAKE_VERSION := 4.2.1
# makefile
CURDIR := /import/linux/home1/rblazej1/projects/i240a/submit/lab1/0-hello
# makefile
SHELL = /bin/sh
# default
RM = rm -f
# default
CO = co
# environment
VTE_VERSION = 5402
# environment
:[K[K[HMXDG_SESSION_TYPE = x11
[HM# environment
[HMXDG_SESSION_CLASS = user
[HM# environment
[HM.SHELLFLAGS := -c
[HM# default
[HMDESKTOP_SESSION = lightdm-xsession
[HM# environment
[HM?F = $(notdir $?)
[HM# automatic
[HM<D = $(patsubst %/,%,$(dir $<))
[HM# automatic
[HM
[HM# Variables
[HM
[HM# Make data base, printed on Thu Jan 30 13:26:09 2020
[HM
[HM# There is NO WARRANTY, to the extent permitted by law.
[HM# This is free software: you are free to change and redistribute it.
[HM# License GPLv3+: GNU GPL version 3 or later <http://gnu.org/licenses/gpl.html>
[HM# Copyright (C) 1988-2016 Free Software Foundation, Inc.
[HM# Built for x86_64-pc-linux-gnu
[HM# GNU Make 4.2.1
[24;1H[K:[K[K# default
CWEAVE = cweave
# automatic
?D = $(patsubst %/,%,$(dir $?))
# automatic
@D = $(patsubst %/,%,$(dir $@))
# environment
XAUTHORITY = /home/rblazej1/.Xauthority
# environment
GDMSESSION = lightdm-xsession
# default
MAKE_VERSION := 4.2.1
# makefile
CURDIR := /import/linux/home1/rblazej1/projects/i240a/submit/lab1/0-hello
# makefile
SHELL = /bin/sh
# default
RM = rm -f
# default
CO = co
# environment
VTE_VERSION = 5402
# environment
:[K[K[HMXDG_SESSION_TYPE = x11
[HM# environment
[HMXDG_SESSION_CLASS = user
[HM# environment
[HM.SHELLFLAGS := -c
[HM# default
[HMDESKTOP_SESSION = lightdm-xsession
[HM# environment
[HM?F = $(notdir $?)
[HM# automatic
[HM<D = $(patsubst %/,%,$(dir $<))
[HM# automatic
[HM
[HM# Variables
[HM
[HM# Make data base, printed on Thu Jan 30 13:26:09 2020
[HM
[HM# There is NO WARRANTY, to the extent permitted by law.
[HM# This is free software: you are free to change and redistribute it.
[HM# License GPLv3+: GNU GPL version 3 or later <http://gnu.org/licenses/gpl.html>
[HM# Copyright (C) 1988-2016 Free Software Foundation, Inc.
[HM# Built for x86_64-pc-linux-gnu
[HM# GNU Make 4.2.1
[24;1H[K:[K[K[K:[K[K# default
CWEAVE = cweave
# automatic
?D = $(patsubst %/,%,$(dir $?))
# automatic
@D = $(patsubst %/,%,$(dir $@))
# environment
XAUTHORITY = /home/rblazej1/.Xauthority
# environment
GDMSESSION = lightdm-xsession
# default
MAKE_VERSION := 4.2.1
# makefile
CURDIR := /import/linux/home1/rblazej1/projects/i240a/submit/lab1/0-hello
# makefile
SHELL = /bin/sh
# default
RM = rm -f
# default
CO = co
# environment
VTE_VERSION = 5402
# environment
:[K[K_ = /usr/bin/make
# default
PREPROCESS.F = $(FC) $(FFLAGS) $(CPPFLAGS) $(TARGET_ARCH) -F
# default
LINK.m = $(OBJC) $(OBJCFLAGS) $(CPPFLAGS) $(LDFLAGS) $(TARGET_ARCH)
# environment
XDG_CONFIG_DIRS = /etc/xdg
# default
OUTPUT_OPTION = -o $@
# default
COMPILE.cpp = $(COMPILE.cc)
# makefile
MAKEFILE_LIST := 
# automatic
@F = $(notdir $@)
# 'override' directive
GNUMAKEFLAGS := 
# default
LINK.p = $(PC) $(PFLAGS) $(CPPFLAGS) $(LDFLAGS) $(TARGET_ARCH)
# environment
MAKELEVEL := 0
# environment
XDG_DATA_DIRS = /usr/share/xfce4:/usr/local/share/:/usr/share/:/usr/share
:[K[K[HM# environment
[HMVTE_VERSION = 5402
[HM# environment
[HMCO = co
[HM# default
[HMRM = rm -f
[HM# default
[HMSHELL = /bin/sh
[HM# makefile
[HMCURDIR := /import/linux/home1/rblazej1/projects/i240a/submit/lab1/0-hello
[HM# makefile
[HMMAKE_VERSION := 4.2.1
[HM# default
[HMGDMSESSION = lightdm-xsession
[HM# environment
[HMXAUTHORITY = /home/rblazej1/.Xauthority
[HM# environment
[HM@D = $(patsubst %/,%,$(dir $@))
[HM# automatic
[HM?D = $(patsubst %/,%,$(dir $?))
[HM# automatic
[HMCWEAVE = cweave
[HM# default
[24;1H[K:[K[K[HMXDG_SESSION_TYPE = x11
[HM# environment
[HMXDG_SESSION_CLASS = user
[HM# environment
[HM.SHELLFLAGS := -c
[HM# default
[HMDESKTOP_SESSION = lightdm-xsession
[HM# environment
[HM?F = $(notdir $?)
[HM# automatic
[HM<D = $(patsubst %/,%,$(dir $<))
[HM# automatic
[HM
[HM# Variables
[HM
[HM# Make data base, printed on Thu Jan 30 13:26:09 2020
[HM
[HM# There is NO WARRANTY, to the extent permitted by law.
[HM# This is free software: you are free to change and redistribute it.
[HM# License GPLv3+: GNU GPL version 3 or later <http://gnu.org/licenses/gpl.html>
[HM# Copyright (C) 1988-2016 Free Software Foundation, Inc.
[HM# Built for x86_64-pc-linux-gnu
[HM# GNU Make 4.2.1
[24;1H[K:[K[K# default
CWEAVE = cweave
# automatic
?D = $(patsubst %/,%,$(dir $?))
# automatic
@D = $(patsubst %/,%,$(dir $@))
# environment
XAUTHORITY = /home/rblazej1/.Xauthority
# environment
GDMSESSION = lightdm-xsession
# default
MAKE_VERSION := 4.2.1
# makefile
CURDIR := /import/linux/home1/rblazej1/projects/i240a/submit/lab1/0-hello
# makefile
SHELL = /bin/sh
# default
RM = rm -f
# default
CO = co
# environment
VTE_VERSION = 5402
# environment
:[K[K[HMXDG_SESSION_TYPE = x11
[HM# environment
[HMXDG_SESSION_CLASS = user
[HM# environment
[HM.SHELLFLAGS := -c
[HM# default
[HMDESKTOP_SESSION = lightdm-xsession
[HM# environment
[HM?F = $(notdir $?)
[HM# automatic
[HM<D = $(patsubst %/,%,$(dir $<))
[HM# automatic
[HM
[HM# Variables
[HM
[HM# Make data base, printed on Thu Jan 30 13:26:09 2020
[HM
[HM# There is NO WARRANTY, to the extent permitted by law.
[HM# This is free software: you are free to change and redistribute it.
[HM# License GPLv3+: GNU GPL version 3 or later <http://gnu.org/licenses/gpl.html>
[HM# Copyright (C) 1988-2016 Free Software Foundation, Inc.
[HM# Built for x86_64-pc-linux-gnu
[HM# GNU Make 4.2.1
[24;1H[K:[K[Kset mark: ...skipping...
# GNU Make 4.2.1
# Built for x86_64-pc-linux-gnu
# Copyright (C) 1988-2016 Free Software Foundation, Inc.
# License GPLv3+: GNU GPL version 3 or later <http://gnu.org/licenses/gpl.html>
# This is free software: you are free to change and redistribute it.
# There is NO WARRANTY, to the extent permitted by law.

# Make data base, printed on Thu Jan 30 13:26:09 2020

# Variables

# automatic
<D = $(patsubst %/,%,$(dir $<))
# automatic
?F = $(notdir $?)
# environment
DESKTOP_SESSION = lightdm-xsession
# default
.SHELLFLAGS := -c
# environment
XDG_SESSION_CLASS = user
# environment
XDG_SESSION_TYPE = x11
:[K[K[?1l>[?1049l[23;0;0trblazej1@g7-09:~/i240a/submit/lab1/0-hello$ make -p | egrep 'cc|CXX'
make: *** No targets specified and no makefile found.  Stop.
COMPILE.cpp = $(COMPILE.cc)
CC = cc
LINK.cc = $(CXX) $(CXXFLAGS) $(CPPFLAGS) $(LDFLAGS) $(TARGET_ARCH)
KRB5CCNAME = FILE:/tmp/krb5cc_14405_6pu71U
YACC = yacc
LINK.C = $(LINK.cc)
LINK.cpp = $(LINK.cc)
COMPILE.cc = $(CXX) $(CXXFLAGS) $(CPPFLAGS) $(TARGET_ARCH) -c
CXX = g++
COMPILE.C = $(COMPILE.cc)
SUFFIXES := .out .a .ln .o .c .cc .C .cpp .p .f .F .m .r .y .l .ym .yl .s .S .mod .sym .def .h .info .dvi .tex .texinfo .texi .txinfo .w .ch .web .sh .elc .el
OBJC = cc
%.cc:
%: %.cc
	$(LINK.cc) $^ $(LOADLIBES) $(LDLIBS) -o $@
%.o: %.cc
	$(COMPILE.cc) $(OUTPUT_OPTION) $<
.cc:
	$(LINK.cc) $^ $(LOADLIBES) $(LDLIBS) -o $@
.cc.o:
	$(COMPILE.cc) $(OUTPUT_OPTION) $<
.SUFFIXES: .out .a .ln .o .c .cc .C .cpp .p .f .F .m .r .y .l .ym .yl .s .S .mod .sym .def .h .info .dvi .tex .texinfo .texi .txinfo .w .ch .web .sh .elc .el
rblazej1@g7-09:~/i240a/submit/lab1/0-hello$ cd ..
rblazej1@g7-09:~/i240a/submit/lab1$ ls
0-hello       2-separate-compilation  4-dependencies	   lab1.log
1-monolithic  3-makefile	      5-auto-dependencies
rblazej1@g7-09:~/i240a/submit/lab1$ cd 1-monolithic
rblazej1@g7-09:~/i240a/submit/lab1/1-monolithic$ make fns-compare
g++     fns-compare.cc   -o fns-compare
rblazej1@g7-09:~/i240a/submit/lab1/1-monolithic$ ./fns-compare [K
1 100000
10 1e+06
100 1e+07
1000 1e+08
10000 1e+09
rblazej1@g7-09:~/i240a/submit/lab1/1-monolithic$ g++ -g [K -Wall -std=c++17 fns-com pare.cc -o fns-compare
[01m[Kfns-compare.cc:11:1:[m[K [01;35m[Kwarning: [m[Kâ€˜[01m[Kdouble quadratic(double)[m[Kâ€™ defined but not used [[01;35m[K-Wunused-function[m[K]
 [01;35m[Kquadratic[m[K(double n)
 [01;35m[K^~~~~~~~~[m[K
rblazej1@g7-09:~/i240a/submit/lab1/1-monolithic$ gedit fns-compare

(gedit:304640): GLib-GObject-[1;33mWARNING[0m **: [34m13:29:59.870[0m: invalid unclassed pointer in cast to 'GeditOpenDocumentSelector'

(gedit:304640): Gtk-[1;35mCRITICAL[0m **: [34m13:29:59.870[0m: gtk_list_store_clear: assertion 'GTK_IS_LIST_STORE (list_store)' failed

(gedit:304640): Gtk-[1;35mCRITICAL[0m **: [34m13:29:59.870[0m: gtk_widget_set_visible: assertion 'GTK_IS_WIDGET (widget)' failed

(gedit:304640): Gtk-[1;35mCRITICAL[0m **: [34m13:29:59.870[0m: gtk_widget_set_visible: assertion 'GTK_IS_WIDGET (widget)' failed

(gedit:304640): GLib-GObject-[1;33mWARNING[0m **: [34m13:29:59.870[0m: invalid unclassed pointer in cast to 'GeditOpenDocumentSelector'

(gedit:304640): Gtk-[1;35mCRITICAL[0m **: [34m13:29:59.870[0m: gtk_list_store_clear: assertion 'GTK_IS_LIST_STORE (list_store)' failed

(gedit:304640): Gtk-[1;35mCRITICAL[0m **: [34m13:29:59.870[0m: gtk_widget_set_visible: assertion 'GTK_IS_WIDGET (widget)' failed

(gedit:304640): Gtk-[1;35mCRITICAL[0m **: [34m13:29:59.870[0m: gtk_widget_set_visible: assertion 'GTK_IS_WIDGET (widget)' failed
rblazej1@g7-09:~/i240a/submit/lab1/1-monolithic$ gedit fns-compare.cc

(gedit:304743): Gtk-[1;33mWARNING[0m **: [34m13:30:46.988[0m: Calling org.xfce.Session.Manager.Inhibit failed: GDBus.Error:org.freedesktop.DBus.Error.UnknownMethod: Method "Inhibit" with signature "susu" on interface "org.xfce.Session.Manager" doesn't exist

rblazej1@g7-09:~/i240a/submit/lab1/1-monolithic$ gedit fns-compare.cc[K++ -g -Wall -std=c++17 fns-compare.cc -o fns-compare
rblazej1@g7-09:~/i240a/submit/lab1/1-monolithic$ ./fns-compare
1 100000 1000
10 1e+06 100000
100 1e+07 1e+07
1000 1e+08 1e+09
10000 1e+09 1e+11
rblazej1@g7-09:~/i240a/submit/lab1/1-monolithic$ cd ..
rblazej1@g7-09:~/i240a/submit/lab1$ cd 2-e[Kseparate-compilation
rblazej1@g7-09:~/i240a/submit/lab1/2-separate-compilation$ ls -l
total 12
-rw-r--r-- 1 rblazej1 rblazej1 706 Jan 30 13:24 fns-compare.cc
-rw-r--r-- 1 rblazej1 rblazej1 237 Jan 30 13:24 fns-compare.hh
-rw-r--r-- 1 rblazej1 rblazej1 173 Jan 30 13:24 linear.cc
rblazej1@g7-09:~/i240a/submit/lab1/2-separate-compilation$ g++ -g -Wall -std=c++ 17 -c fns-compare.cc
rblazej1@g7-09:~/i240a/submit/lab1/2-separate-compilation$ g++ -g -Wall -std=c++17 -c fns-compare.cc[1P.cc[1P.cc[1P.cc[1P.cc[1P.cc[1P.cc[1P.cc[1P.cc[1P.cc[1P.cc[1P.ccl.cci.ccn.cce.cca.ccr.cc
rblazej1@g7-09:~/i240a/submit/lab1/2-separate-compilation$ g++ fns-compare [K.o lin ear.o -o fns-compare
rblazej1@g7-09:~/i240a/submit/lab1/2-separate-compilation$ ./fns-compare
         n    linear
         1     10000
        10    100000
       100     1e+06
      1000     1e+07
     10000     1e+08
    100000     1e+09
rblazej1@g7-09:~/i240a/submit/lab1/2-separate-compilation$ ls
fns-compare  fns-compare.cc  fns-compare.hh  fns-compare.o  linear.cc  linear.o
rblazej1@g7-09:~/i240a/submit/lab1/2-separate-compilation$ gedit quadratic.cc

(gedit:305473): Gtk-[1;33mWARNING[0m **: [34m13:36:34.408[0m: Calling org.xfce.Session.Manager.Inhibit failed: GDBus.Error:org.freedesktop.DBus.Error.UnknownMethod: Method "Inhibit" with signature "susu" on interface "org.xfce.Session.Manager" doesn't exist

rblazej1@g7-09:~/i240a/submit/lab1/2-separate-compilation$ gedit linear.cc
rblazej1@g7-09:~/i240a/submit/lab1/2-separate-compilation$ gedit linear.cc[K[K[K[K[K[K[K[K[K[K fns-compare.cc
rblazej1@g7-09:~/i240a/submit/lab1/2-separate-compilation$ gedit fns-compare.cc[5Plinear.ccquadratic.cc

(gedit:305636): Gtk-[1;33mWARNING[0m **: [34m13:37:44.192[0m: Calling org.xfce.Session.Manager.Inhibit failed: GDBus.Error:org.freedesktop.DBus.Error.UnknownMethod: Method "Inhibit" with signature "susu" on interface "org.xfce.Session.Manager" doesn't exist

rblazej1@g7-09:~/i240a/submit/lab1/2-separate-compilation$ gedit quadratic.ccfns-compare.cc[5Plinear.ccquadratic.ccls[K./fns-compareg++ fns-compare.o linear.o -o fns-compare[A[C[C[C[C[C[C[C[C[C[C[C[C[C[C[C[C[C[C[C[C[C[C[C[C[C[C[C[C[C[C[C[C[C[C[C[C[C[C[C[C[C[C[C-g -Wall -std=c++1[5P7 -c linear.cc[A[C[C[C[C[C[C[C[C[C[C[C[C[C[C[C[C[C[C[C[C[C[C[C[C[C[C[C[C[C[C[C[C[C[C[C[C[C[C[C[C[C[C[C[C[C[C[C[Cfns-compare.o linear.o -o fns-compare[A[C[C[C[C[C[C[C[C[C[C[C[C[C[C[C[C[C[C[C[C[C[C[C[C[C[C[C[C[C[C[C[C[C[C[C[C[C[C[C[C[C[C[C-g -Wall -std=c++1[5P7 -c linear.cc[C[C[C[C[C[Cfns-compare.cc[C[C[C[C[C[C[5Plinear.cc[1P.cc[1P.cc[1P.cc[1P.cc[1P.cc[1P.ccq.ccu.cca.ccd.ccr.cca.cct.cci.ccc.cc
rblazej1@g7-09:~/i240a/submit/lab1/2-separate-compilation$ g++ -g -Wall -std=c++17 -c quadratic.cc[A[C[C[C[C[C[C[C[C[C[C[C[C[C[C[C[C[C[C[C[C[C[C[C[C[C[C[C[C[C[C[C[C[C[C[C[C[C[C[C[C[C[C[3Pedit quadratic.cc
[K[A[C[C[C[C[C[C[C[C[C[C[C[C[C[C[C[C[C[C[C[C[C[C[C[C[C[C[C[C[C[C[C[C[C[C[C[C[C[C[C[C[C[C[C[C[C[C[C[C[C[C[C[C[C[C[C[C[C[C[C[C[C[C[C[C[C[C[C[C[C[C[C[C[C[C[C[C[Cfns-compare.cc[5Plinear.ccquadratic.ccls[K./fns-compareg++ fns-compare.o linear.o -o fns-compare[C[1@ [1@q[1@u[1@a[1@d[1@r[1@a[1@t[1@i[1@c[1@.[1@o
rblazej1@g7-09:~/i240a/submit/lab1/2-separate-compilation$ ./fns-compare
         n    linear quadratic
         1     10000      1000
        10    100000    100000
       100     1e+06     1e+07
      1000     1e+07     1e+09
     10000     1e+08     1e+11
    100000     1e+09     1e+13
rblazej1@g7-09:~/i240a/submit/lab1/2-separate-compilation$ cd ..
rblazej1@g7-09:~/i240a/submit/lab1$ cd 3-makefile
rblazej1@g7-09:~/i240a/submit/lab1/3-makefile$ gedt[Ki[K[K[K[Kls
constant.cc  exponential.cc  fns-compare.cc  lg.cc	Makefile  quadratic.cc
cubic.cc     fact.cc	     fns-compare.hh  linear.cc	nlg.cc
rblazej1@g7-09:~/i240a/submit/lab1/3-makefile$ gedit makef[K[K[K[K[KMakefile
rblazej1@g7-09:~/i240a/submit/lab1/3-makefile$ make
g++ -g -Wall -std=c++17   -c -o fns-compare.o fns-compare.cc
g++ -g -Wall -std=c++17   -c -o constant.o constant.cc
g++ -g -Wall -std=c++17   -c -o lg.o lg.cc
g++ -g -Wall -std=c++17   -c -o linear.o linear.cc
g++ -g -Wall -std=c++17   -c -o nlg.o nlg.cc
g++ -g -Wall -std=c++17   -c -o quadratic.o quadratic.cc
g++ -g -Wall -std=c++17   -c -o cubic.o cubic.cc
g++ -g -Wall -std=c++17   -c -o exponential.o exponential.cc
g++ -g -Wall -std=c++17   -c -o fact.o fact.cc
g++ fns-compare.o constant.o lg.o linear.o nlg.o quadratic.o cubic.o exponential.o fact.o -o fns-compare
rblazej1@g7-09:~/i240a/submit/lab1/3-makefile$ ./fns-compare
    n constant     log2   linear     n lg    quadr    cubic     expn     fact
    1    1e+07        0    1e+05        0    1e+03    1e+02       20        1
   10    1e+07  3.3e+06    1e+06  3.3e+05    1e+05    1e+05    1e+04  3.6e+06
  100    1e+07  6.6e+06    1e+07  6.6e+06    1e+07    1e+08  1.3e+31 9.3e+157
 1000    1e+07    1e+07    1e+08    1e+08    1e+09    1e+11 1.1e+302      inf
10000    1e+07  1.3e+07    1e+09  1.3e+09    1e+11    1e+14      inf      inf
rblazej1@g7-09:~/i240a/submit/lab1/3-makefile$ gedit fns-compare.hh

(gedit:306171): Gtk-[1;33mWARNING[0m **: [34m13:42:03.080[0m: Calling org.xfce.Session.Manager.Inhibit failed: GDBus.Error:org.freedesktop.DBus.Error.UnknownMethod: Method "Inhibit" with signature "susu" on interface "org.xfce.Session.Manager" doesn't exist

rblazej1@g7-09:~/i240a/submit/lab1/3-makefile$ make
make: Nothing to be done for 'all'.
rblazej1@g7-09:~/i240a/submit/lab1/3-makefile$ cd ..
rblazej1@g7-09:~/i240a/submit/lab1$ cd 4-dependencies
rblazej1@g7-09:~/i240a/submit/lab1/4-dependencies$ gedit Makefile
rblazej1@g7-09:~/i240a/submit/lab1/4-dependencies$ make
Makefile:20: *** missing separator.  Stop.
rblazej1@g7-09:~/i240a/submit/lab1/4-dependencies$ makegedit Makefile

(gedit:306359): Gtk-[1;33mWARNING[0m **: [34m13:45:42.015[0m: Calling org.xfce.Session.Manager.Inhibit failed: GDBus.Error:org.freedesktop.DBus.Error.UnknownMethod: Method "Inhibit" with signature "susu" on interface "org.xfce.Session.Manager" doesn't exist

rblazej1@g7-09:~/i240a/submit/lab1/4-dependencies$ make
Makefile:20: *** missing separator.  Stop.
rblazej1@g7-09:~/i240a/submit/lab1/4-dependencies$ makegedit Makefile

(gedit:306691): Gtk-[1;33mWARNING[0m **: [34m13:49:11.611[0m: Calling org.xfce.Session.Manager.Inhibit failed: GDBus.Error:org.freedesktop.DBus.Error.UnknownMethod: Method "Inhibit" with signature "susu" on interface "org.xfce.Session.Manager" doesn't exist

rblazej1@g7-09:~/i240a/submit/lab1/4-dependencies$ gedit Makefilemake[K
g++ -g -Wall -std=c++17   -c -o fns-compare.o fns-compare.cc
g++ -g -Wall -std=c++17   -c -o constant.o constant.cc
g++ -g -Wall -std=c++17   -c -o lg.o lg.cc
g++ -g -Wall -std=c++17   -c -o linear.o linear.cc
g++ -g -Wall -std=c++17   -c -o nlg.o nlg.cc
g++ -g -Wall -std=c++17   -c -o quadratic.o quadratic.cc
g++ -g -Wall -std=c++17   -c -o cubic.o cubic.cc
g++ -g -Wall -std=c++17   -c -o exponential.o exponential.cc
g++ -g -Wall -std=c++17   -c -o fact.o fact.cc
g++ fns-compare.o constant.o lg.o linear.o nlg.o quadratic.o cubic.o exponential.o fact.o -o fns-compare
rblazej1@g7-09:~/i240a/submit/lab1/4-dependencies$ ./fns-compare
    n constant     log2   linear     n lg    quadr    cubic     expn     fact
    1    1e+07        0    1e+05        0    1e+03    1e+02       20        1
   10    1e+07  3.3e+06    1e+06  3.3e+05    1e+05    1e+05    1e+04  3.6e+06
  100    1e+07  6.6e+06    1e+07  6.6e+06    1e+07    1e+08  1.3e+31 9.3e+157
 1000    1e+07    1e+07    1e+08    1e+08    1e+09    1e+11 1.1e+302      inf
10000    1e+07  1.3e+07    1e+09  1.3e+09    1e+11    1e+14      inf      inf
rblazej1@g7-09:~/i240a/submit/lab1/4-dependencies$ gedit fns-compare.hh

(gedit:307412): Gtk-[1;33mWARNING[0m **: [34m13:50:41.490[0m: Calling org.xfce.Session.Manager.Inhibit failed: GDBus.Error:org.freedesktop.DBus.Error.UnknownMethod: Method "Inhibit" with signature "susu" on interface "org.xfce.Session.Manager" doesn't exist

rblazej1@g7-09:~/i240a/submit/lab1/4-dependencies$ gedit fns-compare.hh[7P./fns-comparemake[K
g++ -g -Wall -std=c++17   -c -o fns-compare.o fns-compare.cc
[01m[Kfns-compare.cc:[m[K In function â€˜[01m[Kint main()[m[Kâ€™:
[01m[Kfns-compare.cc:28:20:[m[K [01;35m[Kwarning: [m[Kformat â€˜[01m[K%Lg[m[Kâ€™ expects argument of type â€˜[01m[Klong double[m[Kâ€™, but argument 5 has type â€˜[01m[Kdouble[m[Kâ€™ [[01;35m[K-Wformat=[m[K]
       fprintf(out, [01;35m[K"%*.*Lg"[m[K, WIDTH, PREC, [32m[KfnInfo.fn(n)[m[K);
                    [01;35m[K^~~~~~~~[m[K               [32m[K~~~~~~~~~~~~[m[K
g++ -g -Wall -std=c++17   -c -o constant.o constant.cc
g++ -g -Wall -std=c++17   -c -o lg.o lg.cc
g++ -g -Wall -std=c++17   -c -o linear.o linear.cc
g++ -g -Wall -std=c++17   -c -o nlg.o nlg.cc
g++ -g -Wall -std=c++17   -c -o quadratic.o quadratic.cc
g++ -g -Wall -std=c++17   -c -o cubic.o cubic.cc
g++ -g -Wall -std=c++17   -c -o exponential.o exponential.cc
g++ -g -Wall -std=c++17   -c -o fact.o fact.cc
g++ fns-compare.o constant.o lg.o linear.o nlg.o quadratic.o cubic.o exponential.o fact.o -o fns-compare
rblazej1@g7-09:~/i240a/submit/lab1/4-dependencies$ makegedit fns-compare.hh

(gedit:307499): Gtk-[1;33mWARNING[0m **: [34m13:51:08.916[0m: Calling org.xfce.Session.Manager.Inhibit failed: GDBus.Error:org.freedesktop.DBus.Error.UnknownMethod: Method "Inhibit" with signature "susu" on interface "org.xfce.Session.Manager" doesn't exist

rblazej1@g7-09:~/i240a/submit/lab1/4-dependencies$ gedit fns-compare.hhmake[K
g++ -g -Wall -std=c++17   -c -o fns-compare.o fns-compare.cc
g++ -g -Wall -std=c++17   -c -o constant.o constant.cc
g++ -g -Wall -std=c++17   -c -o lg.o lg.cc
g++ -g -Wall -std=c++17   -c -o linear.o linear.cc
g++ -g -Wall -std=c++17   -c -o nlg.o nlg.cc
g++ -g -Wall -std=c++17   -c -o quadratic.o quadratic.cc
g++ -g -Wall -std=c++17   -c -o cubic.o cubic.cc
g++ -g -Wall -std=c++17   -c -o exponential.o exponential.cc
g++ -g -Wall -std=c++17   -c -o fact.o fact.cc
g++ fns-compare.o constant.o lg.o linear.o nlg.o quadratic.o cubic.o exponential.o fact.o -o fns-compare
rblazej1@g7-09:~/i240a/submit/lab1/4-dependencies$ cd ..
rblazej1@g7-09:~/i240a/submit/lab1$ cd 5-auto-dependencies
rblazej1@g7-09:~/i240a/submit/lab1/5-auto-dependencies$ make
g++ -MT linear.o -MMD -MP -MF .deps/linear.d -g -Wall -std=c++17 -c linear.cc
g++ -MT nlg.o -MMD -MP -MF .deps/nlg.d -g -Wall -std=c++17 -c nlg.cc
g++ -MT fact.o -MMD -MP -MF .deps/fact.d -g -Wall -std=c++17 -c fact.cc
g++ -MT lg.o -MMD -MP -MF .deps/lg.d -g -Wall -std=c++17 -c lg.cc
g++ -MT cubic.o -MMD -MP -MF .deps/cubic.d -g -Wall -std=c++17 -c cubic.cc
g++ -MT exponential.o -MMD -MP -MF .deps/exponential.d -g -Wall -std=c++17 -c exponential.cc
g++ -MT fns-compare.o -MMD -MP -MF .deps/fns-compare.d -g -Wall -std=c++17 -c fns-compare.cc
g++ -MT constant.o -MMD -MP -MF .deps/constant.d -g -Wall -std=c++17 -c constant.cc
g++ -MT quadratic.o -MMD -MP -MF .deps/quadratic.d -g -Wall -std=c++17 -c quadratic.cc
g++ linear.o nlg.o fact.o lg.o cubic.o exponential.o fns-compare.o constant.o quadratic.o -o fns-compare
rblazej1@g7-09:~/i240a/submit/lab1/5-auto-dependencies$ ./fns-compare
    n   linear     n lg     fact     log2    cubic     expn constant    quadr
    1    1e+05        0        1        0    1e+02       20    1e+07    1e+03
   10    1e+06  3.3e+05  3.6e+06  3.3e+06    1e+05    1e+04    1e+07    1e+05
  100    1e+07  6.6e+06 9.3e+157  6.6e+06    1e+08  1.3e+31    1e+07    1e+07
 1000    1e+08    1e+08      inf    1e+07    1e+11 1.1e+302    1e+07    1e+09
10000    1e+09  1.3e+09      inf  1.3e+07    1e+14      inf    1e+07    1e+11
rblazej1@g7-09:~/i240a/submit/lab1/5-auto-dependencies$ cd ..
rblazej1@g7-09:~/i240a/submit/lab1$ cd 6[K5-auto-dependencies
rblazej1@g7-09:~/i240a/submit/lab1/5-auto-dependencies$ ma[K[Ktar -cf fns-compr[Kare.tar  SRC_FIE[KLE,,,[K[K[K...
tar: SRC_FILE...: Cannot stat: No such file or directory
tar: Exiting with failure status due to previous errors
rblazej1@g7-09:~/i240a/submit/lab1/5-auto-dependencies$ tar -cf fns-compare.tar SRC_FILE...[K[K[K[K[K[K[K[K[K[K[K[A[C[C[C[C[C[C[C[C[C[C[C[C[C[C[C[C[C[C[C[C[C[C[C[C[C[C[C[C[C[C[C[C[C[C[C[C[C[C[C[C[C[C[C[C[C[C[C[C[C[C[C[C[C[C[C[C[C[C[C[C[C[C[C[C[C[C[C[C[C[C[C[C[C[C[C[C[C[C[C[K
[K[A[C[C[C[C[C[C[C[C[C[C[C[C[C[C[C[C[C[C[C[C[C[C[C[C[C[C[C[C[C[C[C[C[C[C[C[C[C[C[C[C[C[C[C[C[C[C[C[C[C[C[C[C[C[C[C[C[C[C[C[C[C[C[C[C[C[C[C[C[C[C[C[C[C[C[C[C[C[C[C  Makf[Kefile
rblazej1@g7-09:~/i240a/submit/lab1/5-auto-dependencies$ tar -cf fns-compare.tar Makefile[A[C[C[C[C[C[C[C[C[C[C[C[C[C[C[C[C[C[C[C[C[C[C[C[C[C[C[C[C[C[C[C[C[C[C[C[C[C[C[C[C[C[C[C[C[C[C[C[C[K
[K[A[C[C[C[C[C[C[C[C[C[C[C[C[C[C[C[C[C[C[C[C[C[C[C[C[C[C[C[C[C[C[C[C[C[C[C[C[C[C[C[C[C[C[C[C[C[C[C[C[C[C[C[C[C[C[C[Cls
constant.cc	exponential.o	fns-compare.hh	 linear.cc  quadratic.cc
constant.o	fact.cc		fns-compare.o	 linear.o   quadratic.o
cubic.cc	fact.o		fns-compare.tar  Makefile
cubic.o		fns-compare	lg.cc		 nlg.cc
exponential.cc	fns-compare.cc	lg.o		 nlg.o
rblazej1@g7-09:~/i240a/submit/lab1/5-auto-dependencies$ lstar -cf fns-compare.tar MakefileSRC_FILE...[3PMakefileSRC_FILE...[A[C[C[C[C[C[C[C[C[C[C[C[C[C[C[C[C[C[C[C[C[C[C[C[C[C[C[C[C[C[C[C[C[C[C[C[C[C[C[C[C[C[C[C[C[C[2Pcd 5-auto-dependencies
[K[A[C[C[C[C[C[C[C[C[C[C[C[C[C[C[C[C[C[C[C[C[C[C[C[C[C[C[C[C[C[C[C[C[C[C[C[C[C[C[C[C[C[C[C[C[C[C[C[C[C[C[C[C[C[C[C[C[C[C[C[C[C[C[C[C[C[C[C[C[C[C[C[C[C[C[C[C[C[C..[K./fns-compare[8Pcd ..5-auto-dependencies..[K./fns-compare[8Pcd ..5-auto-dependenciestar -cf fns-compare.tar SRC_FILE...[3PMakefile[A[C[C[C[C[C[C[C[C[C[C[C[C[C[C[C[C[C[C[C[C[C[C[C[C[C[C[C[C[C[C[C[C[C[C[C[C[C[C[C[C[C[C[C[C[C[C[C[Cls[K
[K[A[C[C[C[C[C[C[C[C[C[C[C[C[C[C[C[C[C[C[C[C[C[C[C[C[C[C[C[C[C[C[C[C[C[C[C[C[C[C[C[C[C[C[C[C[C[C[C[C[C[C[C[C[C[C[C[C[C[C[Kgedit Makefile

(gedit:307908): Gtk-[1;33mWARNING[0m **: [34m13:54:35.399[0m: Calling org.xfce.Session.Manager.Inhibit failed: GDBus.Error:org.freedesktop.DBus.Error.UnknownMethod: Method "Inhibit" with signature "susu" on interface "org.xfce.Session.Manager" doesn't exist

rblazej1@g7-09:~/i240a/submit/lab1/5-auto-dependencies$ gedit Makefilels[Ktar -cf fns-compare.tar Makefile CXX_FILES HXX_FILES
tar: CXX_FILES: Cannot stat: No such file or directory
tar: HXX_FILES: Cannot stat: No such file or directory
tar: Exiting with failure status due to previous errors
rblazej1@g7-09:~/i240a/submit/lab1/5-auto-dependencies$ tar -cf fns-compare.tar Makefile CXX_FILES HXX_FILES[A[C[C[C[C[C[C[C[C[C[C[C[C[C[C[C[C[C[C[C[C[C[C[C[C[C[C[C[C[10Pgedit Makefile
[K[A[C[C[C[C[C[C[C[C[C[C[C[C[C[C[C[C[C[C[C[C[C[C[C[C[C[C[C[C[C[C[C[C[C[C[C[C[C[C[C[C[C[C[C[C[C[C[C[C[C[C[C[C[C[C[C[C[C[C[C[C[C[C[C[C[C[C[C[C[C[Cls[Ktar -cf fns-compare.tar Makefile
rblazej1@g7-09:~/i240a/submit/lab1/5-auto-dependencies$ tar -cf fns-compare.tar Makefile CXX_FILES HXX_FILES[A[C[C[C[C[C[C[C[C[C[C[C[C[C[C[C[C[C[C[C[C[C[C[C[C[C[C[C[C[10Pgedit Makefile
[K[A[C[C[C[C[C[C[C[C[C[C[C[C[C[C[C[C[C[C[C[C[C[C[C[C[C[C[C[C[C[C[C[C[C[C[C[C[C[C[C[C[C[C[C[C[C[C[C[C[C[C[C[C[C[C[C[C[C[C[C[C[C[C[C[C[C[C[C[C[C[C

(gedit:308101): Gtk-[1;33mWARNING[0m **: [34m13:56:55.544[0m: Calling org.xfce.Session.Manager.Inhibit failed: GDBus.Error:org.freedesktop.DBus.Error.UnknownMethod: Method "Inhibit" with signature "susu" on interface "org.xfce.Session.Manager" doesn't exist

rblazej1@g7-09:~/i240a/submit/lab1/5-auto-dependencies$ make
make: Nothing to be done for 'all'.
rblazej1@g7-09:~/i240a/submit/lab1/5-auto-dependencies$ make dist
tar -cf fns-compare.tar linear.cc nlg.cc fact.cc lg.cc cubic.cc exponential.cc fns-compare.cc constant.cc quadratic.cc
rblazej1@g7-09:~/i240a/submit/lab1/5-auto-dependencies$ make dist[Kgedit Makefile

(gedit:309811): Gtk-[1;33mWARNING[0m **: [34m14:10:04.040[0m: Calling org.xfce.Session.Manager.Inhibit failed: GDBus.Error:org.freedesktop.DBus.Error.UnknownMethod: Method "Inhibit" with signature "susu" on interface "org.xfce.Session.Manager" doesn't exist

rblazej1@g7-09:~/i240a/submit/lab1/5-auto-dependencies$ gedit Makefile[5Pmake dist
tar -cf fns-compare.tar 
tar: Cowardly refusing to create an empty archive
Try 'tar --help' or 'tar --usage' for more information.
make: *** [Makefile:21: dist] Error 2
rblazej1@g7-09:~/i240a/submit/lab1/5-auto-dependencies$ make distgedit Makefile

(gedit:309862): Gtk-[1;33mWARNING[0m **: [34m14:10:27.965[0m: Calling org.xfce.Session.Manager.Inhibit failed: GDBus.Error:org.freedesktop.DBus.Error.UnknownMethod: Method "Inhibit" with signature "susu" on interface "org.xfce.Session.Manager" doesn't exist

rblazej1@g7-09:~/i240a/submit/lab1/5-auto-dependencies$ gedit Makefile[5Pmake dist
tar -cf fns-compare.tar 
tar: Cowardly refusing to create an empty archive
Try 'tar --help' or 'tar --usage' for more information.
make: *** [Makefile:21: dist] Error 2
rblazej1@g7-09:~/i240a/submit/lab1/5-auto-dependencies$ make distgedit Makefile

(gedit:309982): Gtk-[1;33mWARNING[0m **: [34m14:11:24.022[0m: Calling org.xfce.Session.Manager.Inhibit failed: GDBus.Error:org.freedesktop.DBus.Error.UnknownMethod: Method "Inhibit" with signature "susu" on interface "org.xfce.Session.Manager" doesn't exist

rblazej1@g7-09:~/i240a/submit/lab1/5-auto-dependencies$ gedit Makefile[5Pmake dist
tar -cf fns-compare.tar linear.cc nlg.cc fact.cc lg.cc cubic.cc exponential.cc fns-compare.cc constant.cc quadratic.cc fns-compare.hh
rblazej1@g7-09:~/i240a/submit/lab1/5-auto-dependencies$ mkdir -p ~/tmp/fns-compa re
rblazej1@g7-09:~/i240a/submit/lab1/5-auto-dependencies$ mkdir -p ~/tmp/fns-compare[A[C[C[C[C[C[C[C[C[C[C[C[C[C[C[C[C[C[C[C[C[C[C[C[C[C[C[C[C[C[C[C[C[C[C[C[C[C[C[C[C[C[C[C[C[C[C[C[C[C[C[C[C[C[C[C[C[C[C[C[C[C[C[C[C[C[C[C[C[C[C[C[C[C[C[C[C[C[C[C[C ~/tmp/fns-compare[K[A[C[C[C[C[C[C[C[C[C[C[C[C[C[C[C[C[C[C[C[C[C[C[C[C[C[C[C[C[C[C[C[C[C[C[C[C[C[C[C[C[C[C[C[C[C[C[C[C[C[C[C[C[C[C[C[C[C[C[C[C[C[C ~/tmp/fns-compare [K[A[C[C[C[C[C[C[C[C[C[C[C[C[C[C[C[C[C[C[C[C[C[C[C[C[C[C[C[C[C[C[C[C[C[C[C[C[C[C[C[C[C[C[C[C[C[C[C[C[C[C[C[C[C[C[C[C[C[C[C[C[C[C[1P~/tmp/fns-compare
[K[A[C[C[C[C[C[C[C[C[C[C[C[C[C[C[C[C[C[C[C[C[C[C[C[C[C[C[C[C[C[C[C[C[C[C[C[C[C[C[C[C[C[C[C[C[C[C[C[C[C[C[C[C[C[C[C[C[C[C[C[C[C[1P ~/tmp/fns-compare[1P ~/tmp/fns-compare[1P ~/tmp/fns-compare[1P ~/tmp/fns-compare[1P ~/tmp/fns-comparec ~/tmp/fns-compared ~/tmp/fns-compare[C ~/tmp/fns-compare[1P~/tmp/fns-compare
rblazej1@g7-09:~/tmp/fns-compare$ tar -xvf ~/i240b[Ka/submit/lab1/5*/fns-compare.ta r
linear.cc
nlg.cc
fact.cc
lg.cc
cubic.cc
exponential.cc
fns-compare.cc
constant.cc
quadratic.cc
fns-compare.hh
rblazej1@g7-09:~/tmp/fns-compare$ make
make: *** No targets specified and no makefile found.  Stop.
rblazej1@g7-09:~/tmp/fns-compare$ cd ~/i240a/submit/lab1/5*
rblazej1@g7-09:~/i240a/submit/lab1/5-auto-dependencies$ ls[K[Kgedit Makef[Kfile

(gedit:310288): Gtk-[1;33mWARNING[0m **: [34m14:14:23.331[0m: Calling org.xfce.Session.Manager.Inhibit failed: GDBus.Error:org.freedesktop.DBus.Error.UnknownMethod: Method "Inhibit" with signature "susu" on interface "org.xfce.Session.Manager" doesn't exist

rblazej1@g7-09:~/i240a/submit/lab1/5-auto-dependencies$ make dist
tar -cf fns-compare.tar linear.cc nlg.cc fact.cc lg.cc cubic.cc exponential.cc fns-compare.cc constant.cc quadratic.cc fns-compare.hh 
rblazej1@g7-09:~/i240a/submit/lab1/5-auto-dependencies$ [Krblazej1@g7-09:~/i240a/submit/lab1/5-auto-dependencies$ [Krblazej1@g7-09:~/i240a/submit/lab1/5-auto-dependencies$ [Krblazej1@g7-09:~/i240a/submit/lab1/5-auto-dependencies$ [Krblazej1@g7-09:~/i240a/submit/lab1/5-auto-dependencies$ [Krblazej1@g7-09:~/i240a/submit/lab1/5-auto-dependencies$ [Krblazej1@g7-09:~/i240a/submit/lab1/5-auto-dependencies$ [Krblazej1@g7-09:~/i240a/submit/lab1/5-auto-dependencies$ [Krblazej1@g7-09:~/i240a/submit/lab1/5-auto-dependencies$ [Krblazej1@g7-09:~/i240a/submit/lab1/5-auto-dependencies$ [Krblazej1@g7-09:~/i240a/submit/lab1/5-auto-dependencies$ [Krblazej1@g7-09:~/i240a/submit/lab1/5-auto-dependencies$ [Krblazej1@g7-09:~/i240a/submit/lab1/5-auto-dependencies$ [Krblazej1@g7-09:~/i240a/submit/lab1/5-auto-dependencies$ [Krblazej1@g7-09:~/i240a/submit/lab1/5-auto-dependencies$ [Krblazej1@g7-09:~/i240a/submit/lab1/5-auto-dependencies$ [Krblazej1@g7-09:~/i240a/submit/lab1/5-auto-dependencies$ [Krblazej1@g7-09:~/i240a/submit/lab1/5-auto-dependencies$ [Krblazej1@g7-09:~/i240a/submit/lab1/5-auto-dependencies$ [Krblazej1@g7-09:~/i240a/submit/lab1/5-auto-dependencies$ [Krblazej1@g7-09:~/i240a/submit/lab1/5-auto-dependencies$ [Krblazej1@g7-09:~/i240a/submit/lab1/5-auto-dependencies$ [Krblazej1@g7-09:~/i240a/submit/lab1/5-auto-dependencies$ [Krblazej1@g7-09:~/i240a/submit/lab1/5-auto-dependencies$ [Krblazej1@g7-09:~/i240a/submit/lab1/5-auto-dependencies$ [Krblazej1@g7-09:~/i240a/submit/lab1/5-auto-dependencies$ [Krblazej1@g7-09:~/i240a/submit/lab1/5-auto-dependencies$ [Krblazej1@g7-09:~/i240a/submit/lab1/5-auto-dependencies$ [Krblazej1@g7-09:~/i240a/submit/lab1/5-auto-dependencies$ [Krblazej1@g7-09:~/i240a/submit/lab1/5-auto-dependencies$ [Krblazej1@g7-09:~/i240a/submit/lab1/5-auto-dependencies$ [Krblazej1@g7-09:~/i240a/submit/lab1/5-auto-dependencies$ [Krblazej1@g7-09:~/i240a/submit/lab1/5-auto-dependencies$ [Krblazej1@g7-09:~/i240a/submit/lab1/5-auto-dependencies$ [Krblazej1@g7-09:~/i240a/submit/lab1/5-auto-dependencies$ [Krblazej1@g7-09:~/i240a/submit/lab1/5-auto-dependencies$ [Krblazej1@g7-09:~/i240a/submit/lab1/5-auto-dependencies$ [Krblazej1@g7-09:~/i240a/submit/lab1/5-auto-dependencies$ [Krblazej1@g7-09:~/i240a/submit/lab1/5-auto-dependencies$ [Krblazej1@g7-09:~/i240a/submit/lab1/5-auto-dependencies$ [Krblazej1@g7-09:~/i240a/submit/lab1/5-auto-dependencies$ [Krblazej1@g7-09:~/i240a/submit/lab1/5-auto-dependencies$ [Krblazej1@g7-09:~/i240a/submit/lab1/5-auto-dependencies$ [Krblazej1@g7-09:~/i240a/submit/lab1/5-auto-dependencies$ [Krblazej1@g7-09:~/i240a/submit/lab1/5-auto-dependencies$ [Krblazej1@g7-09:~/i240a/submit/lab1/5-auto-dependencies$ [Krblazej1@g7-09:~/i240a/submit/lab1/5-auto-dependencies$ [Krblazej1@g7-09:~/i240a/submit/lab1/5-auto-dependencies$ [Krblazej1@g7-09:~/i240a/submit/lab1/5-auto-dependencies$ [Krblazej1@g7-09:~/i240a/submit/lab1/5-auto-dependencies$ [Krblazej1@g7-09:~/i240a/submit/lab1/5-auto-dependencies$ [Krblazej1@g7-09:~/i240a/submit/lab1/5-auto-dependencies$ [Krblazej1@g7-09:~/i240a/submit/lab1/5-auto-dependencies$ [Krblazej1@g7-09:~/i240a/submit/lab1/5-auto-dependencies$ [Krblazej1@g7-09:~/i240a/submit/lab1/5-auto-dependencies$ [Krblazej1@g7-09:~/i240a/submit/lab1/5-auto-dependencies$ [Krblazej1@g7-09:~/i240a/submit/lab1/5-auto-dependencies$ [Krblazej1@g7-09:~/i240a/submit/lab1/5-auto-dependencies$ [Krblazej1@g7-09:~/i240a/submit/lab1/5-auto-dependencies$ [Krblazej1@g7-09:~/i240a/submit/lab1/5-auto-dependencies$ [Krblazej1@g7-09:~/i240a/submit/lab1/5-auto-dependencies$ [Krblazej1@g7-09:~/i240a/submit/lab1/5-auto-dependencies$ [Krblazej1@g7-09:~/i240a/submit/lab1/5-auto-dependencies$ [Krblazej1@g7-09:~/i240a/submit/lab1/5-auto-dependencies$ [Krblazej1@g7-09:~/i240a/submit/lab1/5-auto-dependencies$ [Krblazej1@g7-09:~/i240a/submit/lab1/5-auto-dependencies$ [Krblazej1@g7-09:~/i240a/submit/lab1/5-auto-dependencies$ [Krblazej1@g7-09:~/i240a/submit/lab1/5-auto-dependencies$ [Krblazej1@g7-09:~/i240a/submit/lab1/5-auto-dependencies$ [Krblazej1@g7-09:~/i240a/submit/lab1/5-auto-dependencies$ [Krblazej1@g7-09:~/i240a/submit/lab1/5-auto-dependencies$ [Krblazej1@g7-09:~/i240a/submit/lab1/5-auto-dependencies$ [Krblazej1@g7-09:~/i240a/submit/lab1/5-auto-dependencies$ [Krblazej1@g7-09:~/i240a/submit/lab1/5-auto-dependencies$ [Krblazej1@g7-09:~/i240a/submit/lab1/5-auto-dependencies$ [Krblazej1@g7-09:~/i240a/submit/lab1/5-auto-dependencies$ [Krblazej1@g7-09:~/i240a/submit/lab1/5-auto-dependencies$ [Krblazej1@g7-09:~/i240a/submit/lab1/5-auto-dependencies$ [Krblazej1@g7-09:~/i240a/submit/lab1/5-auto-dependencies$ [Krblazej1@g7-09:~/i240a/submit/lab1/5-auto-dependencies$ [Krblazej1@g7-09:~/i240a/submit/lab1/5-auto-dependencies$ [Krblazej1@g7-09:~/i240a/submit/lab1/5-auto-dependencies$ [Krblazej1@g7-09:~/i240a/submit/lab1/5-auto-dependencies$ [Krblazej1@g7-09:~/i240a/submit/lab1/5-auto-dependencies$ [Krblazej1@g7-09:~/i240a/submit/lab1/5-auto-dependencies$ [Krblazej1@g7-09:~/i240a/submit/lab1/5-auto-dependencies$ [Krblazej1@g7-09:~/i240a/submit/lab1/5-auto-dependencies$ [Krblazej1@g7-09:~/i240a/submit/lab1/5-auto-dependencies$ [Krblazej1@g7-09:~/i240a/submit/lab1/5-auto-dependencies$ [Krblazej1@g7-09:~/i240a/submit/lab1/5-auto-dependencies$ [Krblazej1@g7-09:~/i240a/submit/lab1/5-auto-dependencies$ [Krblazej1@g7-09:~/i240a/submit/lab1/5-auto-dependencies$ [Krblazej1@g7-09:~/i240a/submit/lab1/5-auto-dependencies$ [Krblazej1@g7-09:~/i240a/submit/lab1/5-auto-dependencies$ [Krblazej1@g7-09:~/i240a/submit/lab1/5-auto-dependencies$ [Krblazej1@g7-09:~/i240a/submit/lab1/5-auto-dependencies$ [Krblazej1@g7-09:~/i240a/submit/lab1/5-auto-dependencies$ [Krblazej1@g7-09:~/i240a/submit/lab1/5-auto-dependencies$ [Krblazej1@g7-09:~/i240a/submit/lab1/5-auto-dependencies$ [Krblazej1@g7-09:~/i240a/submit/lab1/5-auto-dependencies$ [Krblazej1@g7-09:~/i240a/submit/lab1/5-auto-dependencies$ [Krblazej1@g7-09:~/i240a/submit/lab1/5-auto-dependencies$ [Krblazej1@g7-09:~/i240a/submit/lab1/5-auto-dependencies$ [Krblazej1@g7-09:~/i240a/submit/lab1/5-auto-dependencies$ [Krblazej1@g7-09:~/i240a/submit/lab1/5-auto-dependencies$ [Krblazej1@g7-09:~/i240a/submit/lab1/5-auto-dependencies$ [Krblazej1@g7-09:~/i240a/submit/lab1/5-auto-dependencies$ [Krblazej1@g7-09:~/i240a/submit/lab1/5-auto-dependencies$ [Krblazej1@g7-09:~/i240a/submit/lab1/5-auto-dependencies$ [Krblazej1@g7-09:~/i240a/submit/lab1/5-auto-dependencies$ [Krblazej1@g7-09:~/i240a/submit/lab1/5-auto-dependencies$ ls
constant.cc	exponential.o	fns-compare.hh	 linear.cc  quadratic.cc
constant.o	fact.cc		fns-compare.o	 linear.o   quadratic.o
cubic.cc	fact.o		fns-compare.tar  Makefile
cubic.o		fns-compare	lg.cc		 nlg.cc
exponential.cc	fns-compare.cc	lg.o		 nlg.o
rblazej1@g7-09:~/i240a/submit/lab1/5-auto-dependencies$ lsmake distgedit Makefile

(gedit:310489): Gtk-[1;33mWARNING[0m **: [34m14:16:12.823[0m: Calling org.xfce.Session.Manager.Inhibit failed: GDBus.Error:org.freedesktop.DBus.Error.UnknownMethod: Method "Inhibit" with signature "susu" on interface "org.xfce.Session.Manager" doesn't exist

rblazej1@g7-09:~/i240a/submit/lab1/5-auto-dependencies$ gedit Makefilels[Kmake dist
tar -cf fns-compare.tar linear.cc nlg.cc fact.cc lg.cc cubic.cc exponential.cc fns-compare.cc constant.cc quadratic.cc fns-compare.hh Makefile
rblazej1@g7-09:~/i240a/submit/lab1/5-auto-dependencies$ cd _/[K[K~/tmp/fns-compare
rblazej1@g7-09:~/tmp/fns-compare$ tar -xvf ~/i240a/submit/lab1/5*/-[Kfns-compare.tar
linear.cc
nlg.cc
fact.cc
lg.cc
cubic.cc
exponential.cc
fns-compare.cc
constant.cc
quadratic.cc
fns-compare.hh
Makefile
rblazej1@g7-09:~/tmp/fns-compare$ make [K
g++ -MT linear.o -MMD -MP -MF .deps/linear.d -g -Wall -std=c++17 -c linear.cc
g++ -MT fact.o -MMD -MP -MF .deps/fact.d -g -Wall -std=c++17 -c fact.cc
g++ -MT nlg.o -MMD -MP -MF .deps/nlg.d -g -Wall -std=c++17 -c nlg.cc
g++ -MT cubic.o -MMD -MP -MF .deps/cubic.d -g -Wall -std=c++17 -c cubic.cc
g++ -MT exponential.o -MMD -MP -MF .deps/exponential.d -g -Wall -std=c++17 -c exponential.cc
g++ -MT fns-compare.o -MMD -MP -MF .deps/fns-compare.d -g -Wall -std=c++17 -c fns-compare.cc
g++ -MT constant.o -MMD -MP -MF .deps/constant.d -g -Wall -std=c++17 -c constant.cc
g++ -MT quadratic.o -MMD -MP -MF .deps/quadratic.d -g -Wall -std=c++17 -c quadratic.cc
g++ -MT lg.o -MMD -MP -MF .deps/lg.d -g -Wall -std=c++17 -c lg.cc
g++ linear.o fact.o nlg.o cubic.o exponential.o fns-compare.o constant.o quadratic.o lg.o -o fns-compare
rblazej1@g7-09:~/tmp/fns-compare$ ./fns.com[K[K[K[K-compare
    n   linear     fact     n lg    cubic     expn constant    quadr     log2
    1    1e+05        1        0    1e+02       20    1e+07    1e+03        0
   10    1e+06  3.6e+06  3.3e+05    1e+05    1e+04    1e+07    1e+05  3.3e+06
  100    1e+07 9.3e+157  6.6e+06    1e+08  1.3e+31    1e+07    1e+07  6.6e+06
 1000    1e+08      inf    1e+08    1e+11 1.1e+302    1e+07    1e+09    1e+07
10000    1e+09      inf  1.3e+09    1e+14      inf    1e+07    1e+11  1.3e+07
rblazej1@g7-09:~/tmp/fns-compare$ exit

Script done on 2020-01-30 14:18:18-05:00 [COMMAND_EXIT_CODE="0"]
